============================= test session starts =============================
platform win32 -- Python 3.11.9, pytest-7.4.4, pluggy-1.6.0
rootdir: C:\Users\btnka\Desktop\Project\AI Vocabulary Learning System\backend
plugins: anyio-4.12.1, asyncio-0.23.3
asyncio: mode=Mode.STRICT
collected 34 items

tests\test_srs_engine.py .........F.F......................              [100%]

================================== FAILURES ===================================
_______________ TestCalculateNextReview.test_first_review_good ________________
tests\test_srs_engine.py:129: in test_first_review_good
    assert next_review == expected
E   assert datetime.datetime(2026, 2, 5, 12, 0) == datetime.datetime(2026, 2, 6, 12, 0)
__________________ TestCalculateNextReview.test_review_easy ___________________
tests\test_srs_engine.py:166: in test_review_easy
    assert 15 <= days_diff <= 25  # Approximate range
E   assert 15 <= 6
============================== warnings summary ===============================
venv\Lib\site-packages\pydantic\_internal\_config.py:271
  C:\Users\btnka\Desktop\Project\AI Vocabulary Learning System\backend\venv\Lib\site-packages\pydantic\_internal\_config.py:271: PydanticDeprecatedSince20: Support for class-based `config` is deprecated, use ConfigDict instead. Deprecated in Pydantic V2.0 to be removed in V3.0. See Pydantic V2 Migration Guide at https://errors.pydantic.dev/2.5/migration/
    warnings.warn(DEPRECATION_MESSAGE, DeprecationWarning)

-- Docs: https://docs.pytest.org/en/stable/how-to/capture-warnings.html
=========================== short test summary info ===========================
FAILED tests/test_srs_engine.py::TestCalculateNextReview::test_first_review_good
FAILED tests/test_srs_engine.py::TestCalculateNextReview::test_review_easy - ...
=================== 2 failed, 32 passed, 1 warning in 0.13s ===================
